<?xml version="1.0" encoding="UTF-8"?>
<checkstyle version="5.0">
    <file name="compute-pi-test\compute-pi-test.h">
        <error source="T013" severity="warning" line="1" message="no copyright notice found" />
    </file>
</checkstyle>
