<?xml version="1.0" encoding="UTF-8" ?>
<testsuite name="cxxtest"  tests="1" errors="0" failures="0" time="0" >
    <testcase classname="ComputePiTest" name="testComputePi" line="8" />
</testsuite>
